// Jest Snapshot v1, https://goo.gl/fbAQLP

exports[`should render a ExpenseListItem correctly 1`] = `
<div>
  <Link
    replace={false}
    to="/edit/1"
  >
    <h1>
      Gum
    </h1>
  </Link>
  <p>
    195
     : 
  </p>
</div>
`;
